openjdk version "17.0.16" 2025-07-15 LTS
OpenJDK Runtime Environment Zulu17.60+17-CA (build 17.0.16+8-LTS)
OpenJDK 64-Bit Server VM Zulu17.60+17-CA (build 17.0.16+8-LTS, mixed mode, sharing)
